{
    "_store": {
        "allow": [
            "Allow",
            "GET, HEAD, OPTIONS"
        ],
        "content-type": [
            "Content-Type",
            "application/json"
        ],
        "referrer-policy": [
            "Referrer-Policy",
            "same-origin"
        ],
        "server": [
            "Server",
            "WSGIServer/0.2 CPython/3.11.5"
        ],
        "vary": [
            "Vary",
            "Accept, origin"
        ],
        "x-content-type-options": [
            "X-Content-Type-Options",
            "nosniff"
        ],
        "x-frame-options": [
            "X-Frame-Options",
            "DENY"
        ]
    }
}
