{
    "armor": "http://testserver/v2/armor/?format=json",
    "backgrounds": "http://testserver/v1/backgrounds/?format=json",
    "classes": "http://testserver/v1/classes/?format=json",
    "conditions": "http://testserver/v1/conditions/?format=json",
    "documents": "http://testserver/v2/documents/?format=json",
    "feats": "http://testserver/v2/feats/?format=json",
    "magicitems": "http://testserver/v1/magicitems/?format=json",
    "manifest": "http://testserver/v1/manifest/?format=json",
    "monsters": "http://testserver/v1/monsters/?format=json",
    "planes": "http://testserver/v1/planes/?format=json",
    "races": "http://testserver/v2/races/?format=json",
    "search": "http://testserver/v1/search/?format=json",
    "sections": "http://testserver/v1/sections/?format=json",
    "spelllist": "http://testserver/v1/spelllist/?format=json",
    "spells": "http://testserver/v1/spells/?format=json",
    "weapons": "http://testserver/v2/weapons/?format=json"
}
